../Core/Src/ssd1331.c:5:10:RGB	16	static
../Core/Src/ssd1331.c:10:24:H24_RGB565	24	static
../Core/Src/ssd1331.c:19:20:LCD_Command	16	static
../Core/Src/ssd1331.c:27:20:LCD_Data_8	16	static
../Core/Src/ssd1331.c:35:6:SSD1331_Frame	24	static
../Core/Src/ssd1331.c:56:6:LCD_Rect_Fill	32	static
../Core/Src/ssd1331.c:61:6:LCD_Line	56	static
../Core/Src/ssd1331.c:88:6:LCD_Rect	32	static
../Core/Src/ssd1331.c:96:6:LCD_Triangle	32	static
../Core/Src/ssd1331.c:105:6:LCD_Triangle_Fill	64	static
../Core/Src/ssd1331.c:173:6:LCD_Ellipse	56	static
../Core/Src/ssd1331.c:237:6:LCD_Circle	48	static
../Core/Src/ssd1331.c:275:6:LCD_Circle_Helper	48	static
../Core/Src/ssd1331.c:311:6:LCD_Rect_Round	32	static
../Core/Src/ssd1331.c:324:6:LCD_Circle_Fill_Helper	48	static
../Core/Src/ssd1331.c:353:6:LCD_Rect_Round_Fill	32	static
../Core/Src/ssd1331.c:360:13:LCD_Char	56	static
../Core/Src/ssd1331.c:392:6:LCD_Font	72	static
../Core/Src/ssd1331.c:416:6:SSD1331_IMG	32	static
../Core/Src/ssd1331.c:442:6:SSD1331_copyWindow	24	static
../Core/Src/ssd1331.c:453:6:SSD1331_dimWindow	24	static
../Core/Src/ssd1331.c:462:6:SSD1331_clearWindow	24	static
../Core/Src/ssd1331.c:471:6:SSD1331_setScrolling	32	static
../Core/Src/ssd1331.c:500:6:SSD1331_enableScrolling	16	static
../Core/Src/ssd1331.c:508:6:SSD1331_setDisplayMode	16	static
../Core/Src/ssd1331.c:513:6:SSD1331_setDisplayPower	16	static
../Core/Src/ssd1331.c:518:6:SSD1331_Init	8	static
